// Vitest Snapshot v1, https://vitest.dev/guide/snapshot.html

exports[`deriveGeometry > is a snapshot-stable derivation of the default model 1`] = `
{
  "bounds": {
    "max": [
      26,
      15.8733244459921,
      2,
    ],
    "min": [
      -2,
      -5,
      -38,
    ],
  },
  "boxes": 154,
  "kinds": {
    "framing": 146,
    "gravel": 1,
    "roofPlane": 2,
    "slab": 1,
    "wallSkin": 4,
  },
  "polygons": 2,
  "ridge": 14.8733244459921,
}
`;
